// Jest Snapshot v1, https://goo.gl/fbAQLP

exports[`matches the range slider snapshot 1`] = `
<DocumentFragment>
  <div
    class="MuiBox-root css-kudy17"
  >
    <span
      class="MuiSlider-colorPrimary MuiSlider-sizeMedium MuiSlider-root MuiSlider-marked MuiSlider-trackInverted css-1aznpnh-MuiSlider-root"
    >
      <span
        class="MuiSlider-rail css-1xst22u-MuiSlider-rail"
      />
      <span
        class="MuiSlider-track css-1h4p1o1-MuiSlider-track"
        style="left: 100%; width: 0%;"
      />
      <span
        class="MuiSlider-mark MuiSlider-markActive css-6cwnna-MuiSlider-mark"
        data-index="0"
        style="left: 0%;"
      />
      <span
        aria-hidden="true"
        class="MuiSlider-markLabel MuiSlider-markLabelActive css-1eoe787-MuiSlider-markLabel"
        data-index="0"
        style="left: 0%;"
      >
        0°C
      </span>
      <span
        class="MuiSlider-mark MuiSlider-markActive css-6cwnna-MuiSlider-mark"
        data-index="1"
        style="left: 25%;"
      />
      <span
        aria-hidden="true"
        class="MuiSlider-markLabel MuiSlider-markLabelActive css-1eoe787-MuiSlider-markLabel"
        data-index="1"
        style="left: 25%;"
      >
        10°C
      </span>
      <span
        class="MuiSlider-mark MuiSlider-markActive css-6cwnna-MuiSlider-mark"
        data-index="2"
        style="left: 50%;"
      />
      <span
        aria-hidden="true"
        class="MuiSlider-markLabel MuiSlider-markLabelActive css-1eoe787-MuiSlider-markLabel"
        data-index="2"
        style="left: 50%;"
      >
        20°C
      </span>
      <span
        class="MuiSlider-mark MuiSlider-markActive css-6cwnna-MuiSlider-mark"
        data-index="3"
        style="left: 75%;"
      />
      <span
        aria-hidden="true"
        class="MuiSlider-markLabel MuiSlider-markLabelActive css-1eoe787-MuiSlider-markLabel"
        data-index="3"
        style="left: 75%;"
      >
        30°C
      </span>
      <span
        class="MuiSlider-mark MuiSlider-markActive css-6cwnna-MuiSlider-mark"
        data-index="4"
        style="left: 100%;"
      />
      <span
        aria-hidden="true"
        class="MuiSlider-markLabel MuiSlider-markLabelActive css-1eoe787-MuiSlider-markLabel"
        data-index="4"
        style="left: 100%;"
      >
        40°C
      </span>
      <span
        class="MuiSlider-thumbColorPrimary MuiSlider-thumbSizeMedium MuiSlider-thumb css-eg0mwd-MuiSlider-thumb"
        data-index="0"
        style="left: 100%; pointer-events: none;"
      >
        <input
          aria-label="Minimum distance shift"
          aria-orientation="horizontal"
          aria-valuemax="40"
          aria-valuemin="0"
          aria-valuenow="40"
          aria-valuetext="40°C"
          data-index="0"
          max="40"
          min="0"
          step="1"
          style="border: 0px; height: 100%; margin: -1px; overflow: hidden; padding: 0px; position: absolute; white-space: nowrap; width: 100%; direction: ltr;"
          type="range"
          value="40"
        />
        <span
          aria-hidden="true"
          class="MuiSlider-valueLabelOpen MuiSlider-valueLabel css-1kz0hui-MuiSlider-valueLabel"
        >
          <span
            class="MuiSlider-valueLabelCircle"
          >
            <span
              class="MuiSlider-valueLabelLabel"
            >
              40
            </span>
          </span>
        </span>
      </span>
      <span
        class="MuiSlider-thumbColorPrimary MuiSlider-thumbSizeMedium MuiSlider-thumb css-eg0mwd-MuiSlider-thumb"
        data-index="1"
        style="left: 100%; pointer-events: none;"
      >
        <input
          aria-label="Minimum distance shift"
          aria-orientation="horizontal"
          aria-valuemax="40"
          aria-valuemin="0"
          aria-valuenow="40"
          aria-valuetext="40°C"
          data-index="1"
          max="40"
          min="0"
          step="1"
          style="border: 0px; height: 100%; margin: -1px; overflow: hidden; padding: 0px; position: absolute; white-space: nowrap; width: 100%; direction: ltr;"
          type="range"
          value="40"
        />
        <span
          aria-hidden="true"
          class="MuiSlider-valueLabelOpen MuiSlider-valueLabel css-1kz0hui-MuiSlider-valueLabel"
        >
          <span
            class="MuiSlider-valueLabelCircle"
          >
            <span
              class="MuiSlider-valueLabelLabel"
            >
              40
            </span>
          </span>
        </span>
      </span>
    </span>
  </div>
</DocumentFragment>
`;
