// Jest Snapshot v1, https://goo.gl/fbAQLP

exports[`matches the login form snapshot 1`] = `
<DocumentFragment>
  <div
    class="MuiContainer-root MuiContainer-maxWidthLg css-pdaplq-MuiContainer-root"
  >
    <div
      class="MuiGrid-root MuiGrid-container css-1lym95h-MuiGrid-root"
    >
      <div
        class="MuiGrid-root MuiGrid-item MuiGrid-grid-xs-12 MuiGrid-grid-sm-8 MuiGrid-grid-md-6 css-rah4ii-MuiGrid-root"
      >
        <h3
          class="MuiTypography-root MuiTypography-h3 css-gepadz-MuiTypography-root"
        >
          Log In
        </h3>
        <form>
          <div
            class="MuiFormControl-root MuiFormControl-fullWidth css-q8hpuo-MuiFormControl-root"
          >
            <div
              class="MuiFormControl-root MuiFormControl-fullWidth MuiTextField-root makeStyles-field-2 css-wb57ya-MuiFormControl-root-MuiTextField-root"
            >
              <label
                class="MuiInputLabel-root MuiInputLabel-formControl MuiInputLabel-animated MuiInputLabel-outlined MuiFormLabel-root MuiFormLabel-colorPrimary Mui-required css-14s5rfu-MuiFormLabel-root-MuiInputLabel-root"
                data-shrink="false"
                for="username"
                id="username-label"
              >
                Username
                <span
                  aria-hidden="true"
                  class="MuiInputLabel-asterisk MuiFormLabel-asterisk css-wgai2y-MuiFormLabel-asterisk"
                >
                   *
                </span>
              </label>
              <div
                class="MuiOutlinedInput-root MuiInputBase-root MuiInputBase-colorPrimary MuiInputBase-fullWidth MuiInputBase-formControl css-md26zr-MuiInputBase-root-MuiOutlinedInput-root"
              >
                <input
                  aria-invalid="false"
                  class="MuiOutlinedInput-input MuiInputBase-input css-1t8l2tu-MuiInputBase-input-MuiOutlinedInput-input"
                  id="username"
                  name="username"
                  required=""
                  type="text"
                  value=""
                />
                <fieldset
                  aria-hidden="true"
                  class="MuiOutlinedInput-notchedOutline css-1d3z3hw-MuiOutlinedInput-notchedOutline"
                >
                  <legend
                    class="css-1g8cwq9"
                  >
                    <span>
                      Username *
                    </span>
                  </legend>
                </fieldset>
              </div>
            </div>
            <div
              class="MuiFormControl-root MuiFormControl-fullWidth MuiTextField-root makeStyles-field-2 css-wb57ya-MuiFormControl-root-MuiTextField-root"
            >
              <label
                class="MuiInputLabel-root MuiInputLabel-formControl MuiInputLabel-animated MuiInputLabel-outlined MuiFormLabel-root MuiFormLabel-colorPrimary Mui-required css-14s5rfu-MuiFormLabel-root-MuiInputLabel-root"
                data-shrink="false"
                for="password"
                id="password-label"
              >
                Password
                <span
                  aria-hidden="true"
                  class="MuiInputLabel-asterisk MuiFormLabel-asterisk css-wgai2y-MuiFormLabel-asterisk"
                >
                   *
                </span>
              </label>
              <div
                class="MuiOutlinedInput-root MuiInputBase-root MuiInputBase-colorPrimary MuiInputBase-fullWidth MuiInputBase-formControl css-md26zr-MuiInputBase-root-MuiOutlinedInput-root"
              >
                <input
                  aria-invalid="false"
                  class="MuiOutlinedInput-input MuiInputBase-input css-1t8l2tu-MuiInputBase-input-MuiOutlinedInput-input"
                  id="password"
                  name="password"
                  required=""
                  type="password"
                  value=""
                />
                <fieldset
                  aria-hidden="true"
                  class="MuiOutlinedInput-notchedOutline css-1d3z3hw-MuiOutlinedInput-notchedOutline"
                >
                  <legend
                    class="css-1g8cwq9"
                  >
                    <span>
                      Password *
                    </span>
                  </legend>
                </fieldset>
              </div>
            </div>
            <button
              class="MuiButton-root MuiButton-contained MuiButton-containedPrimary MuiButton-sizeLarge MuiButton-containedSizeLarge MuiButtonBase-root  css-jh47zj-MuiButtonBase-root-MuiButton-root"
              tabindex="0"
              type="submit"
            >
              Submit
              <span
                class="MuiTouchRipple-root css-8je8zh-MuiTouchRipple-root"
              />
            </button>
          </div>
        </form>
      </div>
    </div>
  </div>
</DocumentFragment>
`;
