// Jest Snapshot v1, https://goo.gl/fbAQLP

exports[`matches the search list snapshot 1`] = `
<DocumentFragment>
  <div
    class="MuiContainer-root MuiContainer-maxWidthSm makeStyles-container-2 css-cuefkz-MuiContainer-root"
  >
    <div
      class="css-nen11g-MuiStack-root"
    />
  </div>
</DocumentFragment>
`;
