// Jest Snapshot v1, https://goo.gl/fbAQLP

exports[`matches the search card snapshot 1`] = `
<DocumentFragment>
  <div
    class="MuiPaper-root MuiPaper-elevation MuiPaper-rounded MuiPaper-elevation1 MuiCard-root css-1gdl5pu-MuiPaper-root-MuiCard-root"
  >
    <img
      alt="test"
      class="MuiCardMedia-root MuiCardMedia-media MuiCardMedia-img css-cljvgu-MuiCardMedia-root"
      src="image_url"
    />
    <div
      class="MuiCardContent-root css-46bh2p-MuiCardContent-root"
    >
      <h6
        class="MuiTypography-root MuiTypography-h6 css-2ulfj5-MuiTypography-root"
      >
        test
      </h6>
      <p
        class="MuiTypography-root MuiTypography-body1 css-ahj2mt-MuiTypography-root"
      >
        1999
      </p>
    </div>
    <div
      class="MuiCardActions-root MuiCardActions-spacing css-1t6e9jv-MuiCardActions-root"
    >
      <button
        class="MuiButton-root MuiButton-contained MuiButton-containedPrimary MuiButton-sizeMedium MuiButton-containedSizeMedium MuiButtonBase-root  css-sghohy-MuiButtonBase-root-MuiButton-root"
        tabindex="0"
        type="button"
      >
        Save
        <span
          class="MuiTouchRipple-root css-8je8zh-MuiTouchRipple-root"
        />
      </button>
    </div>
  </div>
</DocumentFragment>
`;
