// Jest Snapshot v1, https://goo.gl/fbAQLP

exports[`matches the movie detail snapshot 1`] = `
<DocumentFragment>
  <b>
    Loading...
  </b>
</DocumentFragment>
`;
