// Jest Snapshot v1, https://goo.gl/fbAQLP

exports[`matches the movie card snapshot 1`] = `
<DocumentFragment>
  <div
    class="MuiPaper-root MuiPaper-elevation MuiPaper-rounded MuiPaper-elevation1 MuiCard-root css-1gc2wpw-MuiPaper-root-MuiCard-root"
  >
    <a
      class="MuiButtonBase-root MuiCardActionArea-root css-1pz8km4-MuiButtonBase-root-MuiCardActionArea-root"
      href="/movies/1"
      tabindex="0"
    >
      <img
        alt="test"
        class="MuiCardMedia-root MuiCardMedia-media MuiCardMedia-img css-o69gx8-MuiCardMedia-root"
        src="testimg"
      />
      <div
        class="MuiCardContent-root css-46bh2p-MuiCardContent-root"
      >
        <h6
          class="MuiTypography-root MuiTypography-subtitle1 css-1dxvsu6-MuiTypography-root"
        >
          test
        </h6>
      </div>
      <span
        class="MuiCardActionArea-focusHighlight css-1v2exvi-MuiCardActionArea-focusHighlight"
      />
      <span
        class="MuiTouchRipple-root css-8je8zh-MuiTouchRipple-root"
      />
    </a>
  </div>
</DocumentFragment>
`;
