// Jest Snapshot v1, https://goo.gl/fbAQLP

exports[`matches the movie list snapshot 1`] = `
<DocumentFragment>
  <b>
    No movies to show!
  </b>
</DocumentFragment>
`;
